#
# There is insufficient memory for the Java Runtime Environment to continue.
# Native memory allocation (malloc) failed to allocate 525376 bytes. Error detail: Chunk::new
# Possible reasons:
#   The system is out of physical RAM or swap space
#   This process is running with CompressedOops enabled, and the Java Heap may be blocking the growth of the native heap
# Possible solutions:
#   Reduce memory load on the system
#   Increase physical memory or swap space
#   Check if swap backing store is full
#   Decrease Java heap size (-Xmx/-Xms)
#   Decrease number of Java threads
#   Decrease Java thread stack sizes (-Xss)
#   Set larger code cache with -XX:ReservedCodeCacheSize=
#   JVM is running with Unscaled Compressed Oops mode in which the Java heap is
#     placed in the first 4GB address space. The Java Heap base address is the
#     maximum limit for the native heap growth. Please use -XX:HeapBaseMinAddress
#     to set the Java Heap base and to place the Java Heap above 4GB virtual address.
# This output file may be truncated or incomplete.
#
#  Out of Memory Error (arena.cpp:191), pid=3728, tid=11056
#
# JRE version: OpenJDK Runtime Environment Temurin-17.0.15+6 (17.0.15+6) (build 17.0.15+6)
# Java VM: OpenJDK 64-Bit Server VM Temurin-17.0.15+6 (17.0.15+6, mixed mode, sharing, tiered, compressed oops, compressed class ptrs, g1 gc, windows-amd64)
# No core dump will be written. Minidumps are not enabled by default on client versions of Windows
#

---------------  S U M M A R Y ------------

Command Line: -Xmx64m -Xms64m -Dorg.gradle.appname=gradlew org.gradle.wrapper.GradleWrapperMain clean

Host: Intel(R) Core(TM) i5-5300U CPU @ 2.30GHz, 4 cores, 7G,  Windows 10 , 64 bit Build 19041 (10.0.19041.5915)
Time: Mon Jul 14 14:36:54 2025 Pakistan Standard Time elapsed time: 3330.371617 seconds (0d 0h 55m 30s)

---------------  T H R E A D  ---------------

Current thread (0x000002366d87f160):  JavaThread "C2 CompilerThread0" daemon [_thread_in_native, id=11056, stack(0x000000ddcb300000,0x000000ddcb400000)]


Current CompileTask:
C2:3330372 3172       4       org.gradle.internal.logging.console.WorkInProgressRenderer::onOutput (53 bytes)

Stack: [0x000000ddcb300000,0x000000ddcb400000]
Native frames: (J=compiled Java code, j=interpreted, Vv=VM code, C=native code)
V  [jvm.dll+0x682fc9]
V  [jvm.dll+0x839878]
V  [jvm.dll+0x83b323]
V  [jvm.dll+0x83b993]
V  [jvm.dll+0x24725f]
V  [jvm.dll+0xacea4]
V  [jvm.dll+0xad53c]
V  [jvm.dll+0x365c6e]
V  [jvm.dll+0x32fe58]
V  [jvm.dll+0x32f2da]
V  [jvm.dll+0x21824f]
V  [jvm.dll+0x21768f]
V  [jvm.dll+0x1a31b0]
V  [jvm.dll+0x227a9c]
V  [jvm.dll+0x225bfb]
V  [jvm.dll+0x7ef018]
V  [jvm.dll+0x7e94dc]
V  [jvm.dll+0x681ea7]
C  [ucrtbase.dll+0x21bb2]
C  [KERNEL32.DLL+0x17374]
C  [ntdll.dll+0x4cc91]


---------------  P R O C E S S  ---------------

Threads class SMR info:
_java_thread_list=0x00000236737a8020, length=13, elements={
0x000002365272dcf0, 0x000002366d83cfe0, 0x000002366d83f4b0, 0x000002366d856b90,
0x000002366d857750, 0x000002366d85a8f0, 0x000002366d858710, 0x000002366d87f160,
0x000002366d889540, 0x000002366d88bf50, 0x000002366dab6a20, 0x000002366dab6000,
0x000002366dab7e60
}

Java Threads: ( => current thread )
  0x000002365272dcf0 JavaThread "main" [_thread_blocked, id=8348, stack(0x000000ddca600000,0x000000ddca700000)]
  0x000002366d83cfe0 JavaThread "Reference Handler" daemon [_thread_blocked, id=18020, stack(0x000000ddcad00000,0x000000ddcae00000)]
  0x000002366d83f4b0 JavaThread "Finalizer" daemon [_thread_blocked, id=14148, stack(0x000000ddcae00000,0x000000ddcaf00000)]
  0x000002366d856b90 JavaThread "Signal Dispatcher" daemon [_thread_blocked, id=13644, stack(0x000000ddcaf00000,0x000000ddcb000000)]
  0x000002366d857750 JavaThread "Attach Listener" daemon [_thread_blocked, id=17104, stack(0x000000ddcb000000,0x000000ddcb100000)]
  0x000002366d85a8f0 JavaThread "Service Thread" daemon [_thread_blocked, id=14832, stack(0x000000ddcb100000,0x000000ddcb200000)]
  0x000002366d858710 JavaThread "Monitor Deflation Thread" daemon [_thread_blocked, id=12960, stack(0x000000ddcb200000,0x000000ddcb300000)]
=>0x000002366d87f160 JavaThread "C2 CompilerThread0" daemon [_thread_in_native, id=11056, stack(0x000000ddcb300000,0x000000ddcb400000)]
  0x000002366d889540 JavaThread "C1 CompilerThread0" daemon [_thread_blocked, id=3500, stack(0x000000ddcb400000,0x000000ddcb500000)]
  0x000002366d88bf50 JavaThread "Sweeper thread" daemon [_thread_blocked, id=13264, stack(0x000000ddcb500000,0x000000ddcb600000)]
  0x000002366dab6a20 JavaThread "Notification Thread" daemon [_thread_blocked, id=12432, stack(0x000000ddcb600000,0x000000ddcb700000)]
  0x000002366dab6000 JavaThread "Common-Cleaner" daemon [_thread_blocked, id=3008, stack(0x000000ddcb800000,0x000000ddcb900000)]
  0x000002366dab7e60 JavaThread "pool-1-thread-1" [_thread_in_native, id=16672, stack(0x000000ddcc000000,0x000000ddcc100000)]

Other Threads:
  0x000002366d836170 VMThread "VM Thread" [stack: 0x000000ddcac00000,0x000000ddcad00000] [id=12996]
  0x000002366dabafd0 WatcherThread [stack: 0x000000ddcb700000,0x000000ddcb800000] [id=15844]
  0x000002365274a5d0 GCTaskThread "GC Thread#0" [stack: 0x000000ddca700000,0x000000ddca800000] [id=15872]
  0x000002366de4e900 GCTaskThread "GC Thread#1" [stack: 0x000000ddcbb00000,0x000000ddcbc00000] [id=8780]
  0x0000023672600cd0 GCTaskThread "GC Thread#2" [stack: 0x000000ddcbc00000,0x000000ddcbd00000] [id=13468]
  0x00000236724dbca0 GCTaskThread "GC Thread#3" [stack: 0x000000ddcbd00000,0x000000ddcbe00000] [id=9572]
  0x000002365274bd20 ConcurrentGCThread "G1 Main Marker" [stack: 0x000000ddca800000,0x000000ddca900000] [id=16232]
  0x000002365274c740 ConcurrentGCThread "G1 Conc#0" [stack: 0x000000ddca900000,0x000000ddcaa00000] [id=14640]
  0x0000023652799b60 ConcurrentGCThread "G1 Refine#0" [stack: 0x000000ddcaa00000,0x000000ddcab00000] [id=6832]
  0x000002366de4ebc0 ConcurrentGCThread "G1 Refine#1" [stack: 0x000000ddcbe00000,0x000000ddcbf00000] [id=4160]
  0x000002365279b5a0 ConcurrentGCThread "G1 Service" [stack: 0x000000ddcab00000,0x000000ddcac00000] [id=14276]

Threads with active compile tasks:
C2 CompilerThread0  3330441 3172       4       org.gradle.internal.logging.console.WorkInProgressRenderer::onOutput (53 bytes)

VM state: not at safepoint (normal execution)

VM Mutex/Monitor currently owned by a thread: None

Heap address: 0x00000000fc000000, size: 64 MB, Compressed Oops mode: 32-bit

CDS archive(s) mapped at: [0x0000023600000000-0x0000023600bb0000-0x0000023600bb0000), size 12255232, SharedBaseAddress: 0x0000023600000000, ArchiveRelocationMode: 1.
Compressed class space mapped at: 0x0000023601000000-0x0000023641000000, reserved size: 1073741824
Narrow klass base: 0x0000023600000000, Narrow klass shift: 0, Narrow klass range: 0x100000000

GC Precious Log:
 CPUs: 4 total, 4 available
 Memory: 8082M
 Large Page Support: Disabled
 NUMA Support: Disabled
 Compressed Oops: Enabled (32-bit)
 Heap Region Size: 1M
 Heap Min Capacity: 64M
 Heap Initial Capacity: 64M
 Heap Max Capacity: 64M
 Pre-touch: Disabled
 Parallel Workers: 4
 Concurrent Workers: 1
 Concurrent Refinement Workers: 4
 Periodic GC: Disabled

Heap:
 garbage-first heap   total 65536K, used 41891K [0x00000000fc000000, 0x0000000100000000)
  region size 1024K, 28 young (28672K), 1 survivors (1024K)
 Metaspace       used 16658K, committed 16896K, reserved 1114112K
  class space    used 2024K, committed 2176K, reserved 1048576K

Heap Regions: E=young(eden), S=young(survivor), O=old, HS=humongous(starts), HC=humongous(continues), CS=collection set, F=free, OA=open archive, CA=closed archive, TAMS=top-at-mark-start (previous, next)
|   0|0x00000000fc000000, 0x00000000fc100000, 0x00000000fc100000|100%| O|  |TAMS 0x00000000fc000000, 0x00000000fc000000| Untracked 
|   1|0x00000000fc100000, 0x00000000fc200000, 0x00000000fc200000|100%| O|  |TAMS 0x00000000fc100000, 0x00000000fc100000| Untracked 
|   2|0x00000000fc200000, 0x00000000fc300000, 0x00000000fc300000|100%| O|  |TAMS 0x00000000fc200000, 0x00000000fc200000| Untracked 
|   3|0x00000000fc300000, 0x00000000fc400000, 0x00000000fc400000|100%| O|  |TAMS 0x00000000fc300000, 0x00000000fc300000| Untracked 
|   4|0x00000000fc400000, 0x00000000fc500000, 0x00000000fc500000|100%|HS|  |TAMS 0x00000000fc400000, 0x00000000fc400000| Complete 
|   5|0x00000000fc500000, 0x00000000fc600000, 0x00000000fc600000|100%|HC|  |TAMS 0x00000000fc500000, 0x00000000fc500000| Complete 
|   6|0x00000000fc600000, 0x00000000fc700000, 0x00000000fc700000|100%|HC|  |TAMS 0x00000000fc600000, 0x00000000fc600000| Complete 
|   7|0x00000000fc700000, 0x00000000fc800000, 0x00000000fc800000|100%| O|  |TAMS 0x00000000fc700000, 0x00000000fc700000| Untracked 
|   8|0x00000000fc800000, 0x00000000fc900000, 0x00000000fc900000|100%| O|  |TAMS 0x00000000fc800000, 0x00000000fc800000| Untracked 
|   9|0x00000000fc900000, 0x00000000fca00000, 0x00000000fca00000|100%| O|  |TAMS 0x00000000fc900000, 0x00000000fc900000| Untracked 
|  10|0x00000000fca00000, 0x00000000fcb00000, 0x00000000fcb00000|100%| O|  |TAMS 0x00000000fca00000, 0x00000000fca00000| Untracked 
|  11|0x00000000fcb00000, 0x00000000fcc00000, 0x00000000fcc00000|100%| O|  |TAMS 0x00000000fcb00000, 0x00000000fcb00000| Untracked 
|  12|0x00000000fcc00000, 0x00000000fcd00000, 0x00000000fcd00000|100%| O|  |TAMS 0x00000000fcc00000, 0x00000000fcc00000| Untracked 
|  13|0x00000000fcd00000, 0x00000000fce00000, 0x00000000fce00000|100%| O|  |TAMS 0x00000000fcd00000, 0x00000000fcd00000| Untracked 
|  14|0x00000000fce00000, 0x00000000fce2d000, 0x00000000fcf00000| 17%| O|  |TAMS 0x00000000fce00000, 0x00000000fce00000| Untracked 
|  15|0x00000000fcf00000, 0x00000000fcf00000, 0x00000000fd000000|  0%| F|  |TAMS 0x00000000fcf00000, 0x00000000fcf00000| Untracked 
|  16|0x00000000fd000000, 0x00000000fd000000, 0x00000000fd100000|  0%| F|  |TAMS 0x00000000fd000000, 0x00000000fd000000| Untracked 
|  17|0x00000000fd100000, 0x00000000fd100000, 0x00000000fd200000|  0%| F|  |TAMS 0x00000000fd100000, 0x00000000fd100000| Untracked 
|  18|0x00000000fd200000, 0x00000000fd200000, 0x00000000fd300000|  0%| F|  |TAMS 0x00000000fd200000, 0x00000000fd200000| Untracked 
|  19|0x00000000fd300000, 0x00000000fd300000, 0x00000000fd400000|  0%| F|  |TAMS 0x00000000fd300000, 0x00000000fd300000| Untracked 
|  20|0x00000000fd400000, 0x00000000fd400000, 0x00000000fd500000|  0%| F|  |TAMS 0x00000000fd400000, 0x00000000fd400000| Untracked 
|  21|0x00000000fd500000, 0x00000000fd500000, 0x00000000fd600000|  0%| F|  |TAMS 0x00000000fd500000, 0x00000000fd500000| Untracked 
|  22|0x00000000fd600000, 0x00000000fd600000, 0x00000000fd700000|  0%| F|  |TAMS 0x00000000fd600000, 0x00000000fd600000| Untracked 
|  23|0x00000000fd700000, 0x00000000fd700000, 0x00000000fd800000|  0%| F|  |TAMS 0x00000000fd700000, 0x00000000fd700000| Untracked 
|  24|0x00000000fd800000, 0x00000000fd800000, 0x00000000fd900000|  0%| F|  |TAMS 0x00000000fd800000, 0x00000000fd800000| Untracked 
|  25|0x00000000fd900000, 0x00000000fd900000, 0x00000000fda00000|  0%| F|  |TAMS 0x00000000fd900000, 0x00000000fd900000| Untracked 
|  26|0x00000000fda00000, 0x00000000fda00000, 0x00000000fdb00000|  0%| F|  |TAMS 0x00000000fda00000, 0x00000000fda00000| Untracked 
|  27|0x00000000fdb00000, 0x00000000fdb00000, 0x00000000fdc00000|  0%| F|  |TAMS 0x00000000fdb00000, 0x00000000fdb00000| Untracked 
|  28|0x00000000fdc00000, 0x00000000fdc00000, 0x00000000fdd00000|  0%| F|  |TAMS 0x00000000fdc00000, 0x00000000fdc00000| Untracked 
|  29|0x00000000fdd00000, 0x00000000fdd00000, 0x00000000fde00000|  0%| F|  |TAMS 0x00000000fdd00000, 0x00000000fdd00000| Untracked 
|  30|0x00000000fde00000, 0x00000000fde00000, 0x00000000fdf00000|  0%| F|  |TAMS 0x00000000fde00000, 0x00000000fde00000| Untracked 
|  31|0x00000000fdf00000, 0x00000000fdf00000, 0x00000000fe000000|  0%| F|  |TAMS 0x00000000fdf00000, 0x00000000fdf00000| Untracked 
|  32|0x00000000fe000000, 0x00000000fe000000, 0x00000000fe100000|  0%| F|  |TAMS 0x00000000fe000000, 0x00000000fe000000| Untracked 
|  33|0x00000000fe100000, 0x00000000fe100000, 0x00000000fe200000|  0%| F|  |TAMS 0x00000000fe100000, 0x00000000fe100000| Untracked 
|  34|0x00000000fe200000, 0x00000000fe200000, 0x00000000fe300000|  0%| F|  |TAMS 0x00000000fe200000, 0x00000000fe200000| Untracked 
|  35|0x00000000fe300000, 0x00000000fe300000, 0x00000000fe400000|  0%| F|  |TAMS 0x00000000fe300000, 0x00000000fe300000| Untracked 
|  36|0x00000000fe400000, 0x00000000fe4bbf90, 0x00000000fe500000| 73%| S|CS|TAMS 0x00000000fe400000, 0x00000000fe400000| Complete 
|  37|0x00000000fe500000, 0x00000000fe56a480, 0x00000000fe600000| 41%| E|  |TAMS 0x00000000fe500000, 0x00000000fe500000| Complete 
|  38|0x00000000fe600000, 0x00000000fe700000, 0x00000000fe700000|100%| E|CS|TAMS 0x00000000fe600000, 0x00000000fe600000| Complete 
|  39|0x00000000fe700000, 0x00000000fe800000, 0x00000000fe800000|100%| E|CS|TAMS 0x00000000fe700000, 0x00000000fe700000| Complete 
|  40|0x00000000fe800000, 0x00000000fe900000, 0x00000000fe900000|100%| E|CS|TAMS 0x00000000fe800000, 0x00000000fe800000| Complete 
|  41|0x00000000fe900000, 0x00000000fea00000, 0x00000000fea00000|100%| E|CS|TAMS 0x00000000fe900000, 0x00000000fe900000| Complete 
|  42|0x00000000fea00000, 0x00000000feb00000, 0x00000000feb00000|100%| E|CS|TAMS 0x00000000fea00000, 0x00000000fea00000| Complete 
|  43|0x00000000feb00000, 0x00000000fec00000, 0x00000000fec00000|100%| E|CS|TAMS 0x00000000feb00000, 0x00000000feb00000| Complete 
|  44|0x00000000fec00000, 0x00000000fed00000, 0x00000000fed00000|100%| E|CS|TAMS 0x00000000fec00000, 0x00000000fec00000| Complete 
|  45|0x00000000fed00000, 0x00000000fee00000, 0x00000000fee00000|100%| E|CS|TAMS 0x00000000fed00000, 0x00000000fed00000| Complete 
|  46|0x00000000fee00000, 0x00000000fef00000, 0x00000000fef00000|100%| E|CS|TAMS 0x00000000fee00000, 0x00000000fee00000| Complete 
|  47|0x00000000fef00000, 0x00000000ff000000, 0x00000000ff000000|100%| E|CS|TAMS 0x00000000fef00000, 0x00000000fef00000| Complete 
|  48|0x00000000ff000000, 0x00000000ff100000, 0x00000000ff100000|100%| E|CS|TAMS 0x00000000ff000000, 0x00000000ff000000| Complete 
|  49|0x00000000ff100000, 0x00000000ff200000, 0x00000000ff200000|100%| E|CS|TAMS 0x00000000ff100000, 0x00000000ff100000| Complete 
|  50|0x00000000ff200000, 0x00000000ff300000, 0x00000000ff300000|100%| E|CS|TAMS 0x00000000ff200000, 0x00000000ff200000| Complete 
|  51|0x00000000ff300000, 0x00000000ff400000, 0x00000000ff400000|100%| E|CS|TAMS 0x00000000ff300000, 0x00000000ff300000| Complete 
|  52|0x00000000ff400000, 0x00000000ff500000, 0x00000000ff500000|100%| E|CS|TAMS 0x00000000ff400000, 0x00000000ff400000| Complete 
|  53|0x00000000ff500000, 0x00000000ff600000, 0x00000000ff600000|100%| E|CS|TAMS 0x00000000ff500000, 0x00000000ff500000| Complete 
|  54|0x00000000ff600000, 0x00000000ff700000, 0x00000000ff700000|100%| E|CS|TAMS 0x00000000ff600000, 0x00000000ff600000| Complete 
|  55|0x00000000ff700000, 0x00000000ff800000, 0x00000000ff800000|100%| E|CS|TAMS 0x00000000ff700000, 0x00000000ff700000| Complete 
|  56|0x00000000ff800000, 0x00000000ff900000, 0x00000000ff900000|100%| E|CS|TAMS 0x00000000ff800000, 0x00000000ff800000| Complete 
|  57|0x00000000ff900000, 0x00000000ffa00000, 0x00000000ffa00000|100%| E|CS|TAMS 0x00000000ff900000, 0x00000000ff900000| Complete 
|  58|0x00000000ffa00000, 0x00000000ffb00000, 0x00000000ffb00000|100%| E|CS|TAMS 0x00000000ffa00000, 0x00000000ffa00000| Complete 
|  59|0x00000000ffb00000, 0x00000000ffc00000, 0x00000000ffc00000|100%| E|CS|TAMS 0x00000000ffb00000, 0x00000000ffb00000| Complete 
|  60|0x00000000ffc00000, 0x00000000ffd00000, 0x00000000ffd00000|100%| E|CS|TAMS 0x00000000ffc00000, 0x00000000ffc00000| Complete 
|  61|0x00000000ffd00000, 0x00000000ffe00000, 0x00000000ffe00000|100%| E|CS|TAMS 0x00000000ffd00000, 0x00000000ffd00000| Complete 
|  62|0x00000000ffe00000, 0x00000000fff00000, 0x00000000fff00000|100%| E|CS|TAMS 0x00000000ffe00000, 0x00000000ffe00000| Complete 
|  63|0x00000000fff00000, 0x0000000100000000, 0x0000000100000000|100%| E|CS|TAMS 0x00000000fff00000, 0x00000000fff00000| Complete 

Card table byte_map: [0x0000023652810000,0x0000023652830000] _byte_map_base: 0x0000023652030000

Marking Bits (Prev, Next): (CMBitMap*) 0x000002365274abf0, (CMBitMap*) 0x000002365274ac30
 Prev Bits: [0x000002366b0e0000, 0x000002366b1e0000)
 Next Bits: [0x000002366b1e0000, 0x000002366b2e0000)

Polling page: 0x00000236525c0000

Metaspace:

Usage:
  Non-class:     14.29 MB used.
      Class:      1.98 MB used.
       Both:     16.27 MB used.

Virtual space:
  Non-class space:       64.00 MB reserved,      14.38 MB ( 22%) committed,  1 nodes.
      Class space:        1.00 GB reserved,       2.12 MB ( <1%) committed,  1 nodes.
             Both:        1.06 GB reserved,      16.50 MB (  2%) committed. 

Chunk freelists:
   Non-Class:  1.56 MB
       Class:  13.87 MB
        Both:  15.44 MB

MaxMetaspaceSize: unlimited
CompressedClassSpaceSize: 1.00 GB
Initial GC threshold: 21.00 MB
Current GC threshold: 21.00 MB
CDS: on
MetaspaceReclaimPolicy: balanced
 - commit_granule_bytes: 65536.
 - commit_granule_words: 8192.
 - virtual_space_node_default_size: 8388608.
 - enlarge_chunks_in_place: 1.
 - new_chunks_are_fully_committed: 0.
 - uncommit_free_chunks: 1.
 - use_allocation_guard: 0.
 - handle_deallocations: 1.


Internal statistics:

num_allocs_failed_limit: 0.
num_arena_births: 122.
num_arena_deaths: 0.
num_vsnodes_births: 2.
num_vsnodes_deaths: 0.
num_space_committed: 264.
num_space_uncommitted: 0.
num_chunks_returned_to_freelist: 0.
num_chunks_taken_from_freelist: 455.
num_chunk_merges: 0.
num_chunk_splits: 291.
num_chunks_enlarged: 213.
num_inconsistent_stats: 0.

CodeHeap 'non-profiled nmethods': size=120000Kb used=2059Kb max_used=2059Kb free=117940Kb
 bounds [0x0000023663560000, 0x00000236637d0000, 0x000002366aa90000]
CodeHeap 'profiled nmethods': size=120000Kb used=5968Kb max_used=5968Kb free=114031Kb
 bounds [0x000002365ba90000, 0x000002365c070000, 0x0000023662fc0000]
CodeHeap 'non-nmethods': size=5760Kb used=1242Kb max_used=1285Kb free=4517Kb
 bounds [0x0000023662fc0000, 0x0000023663230000, 0x0000023663560000]
 total_blobs=3711 nmethods=3170 adapters=453
 compilation: enabled
              stopped_count=0, restarted_count=0
 full_count=0

Compilation events (20 events):
Event: 1260.818 Thread 0x000002366d87f160 nmethod 3163 0x000002366375c710 code [0x000002366375c8e0, 0x000002366375d3d8]
Event: 1263.557 Thread 0x000002366d87f160 3164       4       java.nio.CharBuffer::limit (8 bytes)
Event: 1263.558 Thread 0x000002366d87f160 nmethod 3164 0x000002366375d890 code [0x000002366375da00, 0x000002366375daf8]
Event: 1266.365 Thread 0x000002366d87f160 3165       4       org.gradle.internal.logging.serializer.ProgressStartEventSerializer::read (6 bytes)
Event: 1266.366 Thread 0x000002366d87f160 nmethod 3165 0x000002366375dc10 code [0x000002366375dda0, 0x000002366375de48]
Event: 1266.366 Thread 0x000002366d87f160 3166       4       org.gradle.internal.logging.serializer.ProgressStartEventSerializer::read (337 bytes)
Event: 1266.480 Thread 0x000002366d87f160 nmethod 3166 0x000002366375df10 code [0x000002366375e280, 0x0000023663760ca8]
Event: 1291.816 Thread 0x000002366d889540 3167       3       org.gradle.internal.logging.console.BuildStatusRenderer::onOutput (350 bytes)
Event: 1291.818 Thread 0x000002366d889540 nmethod 3167 0x000002365c05ed10 code [0x000002365c05f060, 0x000002365c060a18]
Event: 1293.015 Thread 0x000002366d889540 3168       3       org.gradle.internal.logging.console.WorkInProgressRenderer::onOutput (53 bytes)
Event: 1293.015 Thread 0x000002366d889540 nmethod 3168 0x000002365c060e90 code [0x000002365c061080, 0x000002365c061698]
Event: 1293.115 Thread 0x000002366d889540 3169       3       org.gradle.internal.logging.console.BuildLogLevelFilterRenderer::onOutput (53 bytes)
Event: 1293.116 Thread 0x000002366d889540 nmethod 3169 0x000002365c061890 code [0x000002365c061a80, 0x000002365c062178]
Event: 1294.579 Thread 0x000002366d889540 3170       3       org.gradle.internal.operations.OperationIdentifier::equals (47 bytes)
Event: 1294.580 Thread 0x000002366d889540 nmethod 3170 0x000002365c062310 code [0x000002365c0624c0, 0x000002365c062878]
Event: 1302.417 Thread 0x000002366d87f160 3171       4       java.lang.StringLatin1::trim (76 bytes)
Event: 1302.421 Thread 0x000002366d87f160 nmethod 3171 0x0000023663762a90 code [0x0000023663762c20, 0x0000023663762de8]
Event: 3330.257 Thread 0x000002366d87f160 3172       4       org.gradle.internal.logging.console.WorkInProgressRenderer::onOutput (53 bytes)
Event: 3330.339 Thread 0x000002366d889540 3175       3       com.esotericsoftware.kryo.io.Input::readUtf8_slow (255 bytes)
Event: 3330.340 Thread 0x000002366d889540 nmethod 3175 0x000002365c062990 code [0x000002365c062b80, 0x000002365c063208]

GC Heap History (12 events):
Event: 1.327 GC heap before
{Heap before GC invocations=0 (full 0):
 garbage-first heap   total 65536K, used 12288K [0x00000000fc000000, 0x0000000100000000)
  region size 1024K, 13 young (13312K), 0 survivors (0K)
 Metaspace       used 7528K, committed 7680K, reserved 1114112K
  class space    used 822K, committed 896K, reserved 1048576K
}
Event: 1.340 GC heap after
{Heap after GC invocations=1 (full 0):
 garbage-first heap   total 65536K, used 3672K [0x00000000fc000000, 0x0000000100000000)
  region size 1024K, 2 young (2048K), 2 survivors (2048K)
 Metaspace       used 7528K, committed 7680K, reserved 1114112K
  class space    used 822K, committed 896K, reserved 1048576K
}
Event: 96.232 GC heap before
{Heap before GC invocations=1 (full 0):
 garbage-first heap   total 65536K, used 13912K [0x00000000fc000000, 0x0000000100000000)
  region size 1024K, 12 young (12288K), 2 survivors (2048K)
 Metaspace       used 8637K, committed 8768K, reserved 1114112K
  class space    used 929K, committed 1024K, reserved 1048576K
}
Event: 96.238 GC heap after
{Heap after GC invocations=2 (full 0):
 garbage-first heap   total 65536K, used 4432K [0x00000000fc000000, 0x0000000100000000)
  region size 1024K, 1 young (1024K), 1 survivors (1024K)
 Metaspace       used 8637K, committed 8768K, reserved 1114112K
  class space    used 929K, committed 1024K, reserved 1048576K
}
Event: 171.300 GC heap before
{Heap before GC invocations=2 (full 0):
 garbage-first heap   total 65536K, used 27984K [0x00000000fc000000, 0x0000000100000000)
  region size 1024K, 25 young (25600K), 1 survivors (1024K)
 Metaspace       used 9111K, committed 9344K, reserved 1114112K
  class space    used 972K, committed 1088K, reserved 1048576K
}
Event: 171.304 GC heap after
{Heap after GC invocations=3 (full 0):
 garbage-first heap   total 65536K, used 4692K [0x00000000fc000000, 0x0000000100000000)
  region size 1024K, 1 young (1024K), 1 survivors (1024K)
 Metaspace       used 9111K, committed 9344K, reserved 1114112K
  class space    used 972K, committed 1088K, reserved 1048576K
}
Event: 172.992 GC heap before
{Heap before GC invocations=3 (full 0):
 garbage-first heap   total 65536K, used 45652K [0x00000000fc000000, 0x0000000100000000)
  region size 1024K, 38 young (38912K), 1 survivors (1024K)
 Metaspace       used 14369K, committed 14592K, reserved 1114112K
  class space    used 1758K, committed 1856K, reserved 1048576K
}
Event: 172.997 GC heap after
{Heap after GC invocations=4 (full 0):
 garbage-first heap   total 65536K, used 14323K [0x00000000fc000000, 0x0000000100000000)
  region size 1024K, 5 young (5120K), 5 survivors (5120K)
 Metaspace       used 14369K, committed 14592K, reserved 1114112K
  class space    used 1758K, committed 1856K, reserved 1048576K
}
Event: 604.294 GC heap before
{Heap before GC invocations=4 (full 0):
 garbage-first heap   total 65536K, used 40947K [0x00000000fc000000, 0x0000000100000000)
  region size 1024K, 31 young (31744K), 5 survivors (5120K)
 Metaspace       used 16607K, committed 16896K, reserved 1114112K
  class space    used 2016K, committed 2176K, reserved 1048576K
}
Event: 604.301 GC heap after
{Heap after GC invocations=5 (full 0):
 garbage-first heap   total 65536K, used 15394K [0x00000000fc000000, 0x0000000100000000)
  region size 1024K, 1 young (1024K), 1 survivors (1024K)
 Metaspace       used 16607K, committed 16896K, reserved 1114112K
  class space    used 2016K, committed 2176K, reserved 1048576K
}
Event: 940.816 GC heap before
{Heap before GC invocations=5 (full 0):
 garbage-first heap   total 65536K, used 42018K [0x00000000fc000000, 0x0000000100000000)
  region size 1024K, 27 young (27648K), 1 survivors (1024K)
 Metaspace       used 16646K, committed 16896K, reserved 1114112K
  class space    used 2022K, committed 2176K, reserved 1048576K
}
Event: 940.818 GC heap after
{Heap after GC invocations=6 (full 0):
 garbage-first heap   total 65536K, used 15267K [0x00000000fc000000, 0x0000000100000000)
  region size 1024K, 1 young (1024K), 1 survivors (1024K)
 Metaspace       used 16646K, committed 16896K, reserved 1114112K
  class space    used 2022K, committed 2176K, reserved 1048576K
}

Dll operation events (13 events):
Event: 0.010 Loaded shared library C:\Program Files\Eclipse Adoptium\jdk-17.0.15.6-hotspot\bin\java.dll
Event: 0.033 Loaded shared library C:\Program Files\Eclipse Adoptium\jdk-17.0.15.6-hotspot\bin\jsvml.dll
Event: 0.086 Loaded shared library C:\Program Files\Eclipse Adoptium\jdk-17.0.15.6-hotspot\bin\net.dll
Event: 0.089 Loaded shared library C:\Program Files\Eclipse Adoptium\jdk-17.0.15.6-hotspot\bin\nio.dll
Event: 0.093 Loaded shared library C:\Program Files\Eclipse Adoptium\jdk-17.0.15.6-hotspot\bin\zip.dll
Event: 0.098 Loaded shared library C:\Program Files\Eclipse Adoptium\jdk-17.0.15.6-hotspot\bin\verify.dll
Event: 0.187 Loaded shared library C:\Program Files\Eclipse Adoptium\jdk-17.0.15.6-hotspot\bin\jimage.dll
Event: 0.622 Loaded shared library C:\Program Files\Eclipse Adoptium\jdk-17.0.15.6-hotspot\bin\sunmscapi.dll
Event: 0.691 Loaded shared library C:\Program Files\Eclipse Adoptium\jdk-17.0.15.6-hotspot\bin\extnet.dll
Event: 172.252 Loaded shared library C:\Program Files\Eclipse Adoptium\jdk-17.0.15.6-hotspot\bin\management.dll
Event: 172.256 Loaded shared library C:\Program Files\Eclipse Adoptium\jdk-17.0.15.6-hotspot\bin\management_ext.dll
Event: 172.385 Loaded shared library C:\Users\dell\.gradle\native\1def1411415f61bf3af743bc5b6707747c0891f09f0c88961ee8f79bc544acac\windows-amd64\native-platform.dll
Event: 172.472 Loaded shared library C:\Users\dell\.gradle\native\jansi\1.18\windows64\jansi.dll

Deoptimization events (20 events):
Event: 1284.905 Thread 0x000002366dab7e60 Uncommon trap: trap_request=0xffffff45 fr.pc=0x00000236636cd7e0 relative=0x00000000000004c0
Event: 1284.905 Thread 0x000002366dab7e60 Uncommon trap: reason=unstable_if action=reinterpret pc=0x00000236636cd7e0 method=org.gradle.internal.logging.sink.GroupingProgressLogEventGenerator.onOutput(Lorg/gradle/internal/logging/events/OutputEvent;)V @ 22 c2
Event: 1284.905 Thread 0x000002366dab7e60 DEOPT PACKING pc=0x00000236636cd7e0 sp=0x000000ddcc0feed0
Event: 1284.905 Thread 0x000002366dab7e60 DEOPT UNPACKING pc=0x00000236630169a3 sp=0x000000ddcc0fee40 mode 2
Event: 1284.972 Thread 0x000002366dab7e60 Uncommon trap: trap_request=0xffffff45 fr.pc=0x0000023663759984 relative=0x00000000000000c4
Event: 1284.972 Thread 0x000002366dab7e60 Uncommon trap: reason=unstable_if action=reinterpret pc=0x0000023663759984 method=org.gradle.internal.logging.sink.GroupingProgressLogEventGenerator$OperationGroup.shouldForward()Z @ 9 c2
Event: 1284.972 Thread 0x000002366dab7e60 DEOPT PACKING pc=0x0000023663759984 sp=0x000000ddcc0fee30
Event: 1284.972 Thread 0x000002366dab7e60 DEOPT UNPACKING pc=0x00000236630169a3 sp=0x000000ddcc0fed50 mode 2
Event: 1284.974 Thread 0x000002366dab7e60 Uncommon trap: trap_request=0xffffff45 fr.pc=0x0000023663742914 relative=0x0000000000005ff4
Event: 1284.974 Thread 0x000002366dab7e60 Uncommon trap: reason=unstable_if action=reinterpret pc=0x0000023663742914 method=org.gradle.internal.logging.console.AnsiConsole.redraw()V @ 39 c2
Event: 1284.974 Thread 0x000002366dab7e60 DEOPT PACKING pc=0x0000023663742914 sp=0x000000ddcc0fefd0
Event: 1284.975 Thread 0x000002366dab7e60 DEOPT UNPACKING pc=0x00000236630169a3 sp=0x000000ddcc0feed8 mode 2
Event: 1286.924 Thread 0x000002366dab7e60 Uncommon trap: trap_request=0xffffff45 fr.pc=0x00000236636c2efc relative=0x000000000000007c
Event: 1286.925 Thread 0x000002366dab7e60 Uncommon trap: reason=unstable_if action=reinterpret pc=0x00000236636c2efc method=org.gradle.internal.operations.OperationIdentifier.equals(Ljava/lang/Object;)Z @ 2 c2
Event: 1286.925 Thread 0x000002366dab7e60 DEOPT PACKING pc=0x00000236636c2efc sp=0x000000ddcc0feea0
Event: 1286.925 Thread 0x000002366dab7e60 DEOPT UNPACKING pc=0x00000236630169a3 sp=0x000000ddcc0fee30 mode 2
Event: 3330.341 Thread 0x000002365272dcf0 Uncommon trap: trap_request=0xffffff45 fr.pc=0x00000236636c9bd4 relative=0x0000000000000db4
Event: 3330.341 Thread 0x000002365272dcf0 Uncommon trap: reason=unstable_if action=reinterpret pc=0x00000236636c9bd4 method=org.gradle.internal.logging.console.ThrottlingOutputEventListener.onOutput(Lorg/gradle/internal/logging/events/OutputEvent;)V @ 30 c2
Event: 3330.341 Thread 0x000002365272dcf0 DEOPT PACKING pc=0x00000236636c9bd4 sp=0x000000ddca6fd650
Event: 3330.341 Thread 0x000002365272dcf0 DEOPT UNPACKING pc=0x00000236630169a3 sp=0x000000ddca6fd628 mode 2

Classes loaded (20 events):
Event: 177.128 Loading class sun/nio/ch/SinkChannelImpl
Event: 177.128 Loading class java/nio/channels/Pipe$SinkChannel
Event: 177.129 Loading class java/nio/channels/Pipe$SinkChannel done
Event: 177.129 Loading class sun/nio/ch/SinkChannelImpl done
Event: 177.133 Loading class sun/nio/ch/SelectionKeyImpl
Event: 177.133 Loading class java/nio/channels/spi/AbstractSelectionKey
Event: 177.133 Loading class java/nio/channels/SelectionKey
Event: 177.133 Loading class java/nio/channels/SelectionKey done
Event: 177.133 Loading class java/nio/channels/spi/AbstractSelectionKey done
Event: 177.133 Loading class sun/nio/ch/SelectionKeyImpl done
Event: 177.134 Loading class java/lang/invoke/ConstantBootstraps
Event: 177.134 Loading class java/lang/invoke/ConstantBootstraps done
Event: 177.189 Loading class java/nio/channels/spi/AbstractSelector$1
Event: 177.190 Loading class java/nio/channels/spi/AbstractSelector$1 done
Event: 177.261 Loading class java/util/concurrent/Executors$FinalizableDelegatedExecutorService
Event: 177.262 Loading class java/util/concurrent/Executors$FinalizableDelegatedExecutorService done
Event: 319.140 Loading class jdk/internal/misc/ScopedMemoryAccess$Scope$Handle
Event: 319.140 Loading class jdk/internal/misc/ScopedMemoryAccess$Scope$Handle done
Event: 712.058 Loading class java/util/ArrayList$ListItr
Event: 712.059 Loading class java/util/ArrayList$ListItr done

Classes unloaded (0 events):
No events

Classes redefined (0 events):
No events

Internal exceptions (20 events):
Event: 172.284 Thread 0x000002365272dcf0 Implicit null exception at 0x0000023663635bf1 to 0x0000023663635dd8
Event: 172.285 Thread 0x000002365272dcf0 Implicit null exception at 0x00000236635bf1f1 to 0x00000236635bf3d4
Event: 172.285 Thread 0x000002365272dcf0 Implicit null exception at 0x00000236635b460f to 0x00000236635b4689
Event: 172.319 Thread 0x000002365272dcf0 Implicit null exception at 0x00000236635d43f7 to 0x00000236635d4470
Event: 172.336 Thread 0x000002365272dcf0 Exception <a 'java/lang/NoClassDefFoundError'{0x00000000fe71b3c0}: org/slf4j/impl/StaticMarkerBinder> (0x00000000fe71b3c0) 
thrown [s\src\hotspot\share\classfile\systemDictionary.cpp, line 245]
Event: 172.422 Thread 0x000002365272dcf0 Exception <a 'java/lang/NoSuchMethodError'{0x00000000fe5c5500}: 'java.lang.Object java.lang.invoke.Invokers$Holder.invoker(java.lang.Object, java.lang.Object, java.lang.Object)'> (0x00000000fe5c5500) 
thrown [s\src\hotspot\share\interpreter\linkResolver.cpp, line 759]
Event: 172.426 Thread 0x000002365272dcf0 Exception <a 'java/lang/NoSuchMethodError'{0x00000000fe5ce648}: 'java.lang.Object java.lang.invoke.DirectMethodHandle$Holder.invokeStatic(java.lang.Object, java.lang.Object, int)'> (0x00000000fe5ce648) 
thrown [s\src\hotspot\share\interpreter\linkResolver.cpp, line 759]
Event: 172.428 Thread 0x000002365272dcf0 Exception <a 'java/lang/NoSuchMethodError'{0x00000000fe5da338}: 'void java.lang.invoke.DelegatingMethodHandle$Holder.delegate(java.lang.Object, java.lang.Object, int, java.lang.Object)'> (0x00000000fe5da338) 
thrown [s\src\hotspot\share\interpreter\linkResolver.cpp, line 759]
Event: 172.432 Thread 0x000002365272dcf0 Exception <a 'java/lang/NoSuchMethodError'{0x00000000fe5ea7a0}: 'java.lang.Object java.lang.invoke.Invokers$Holder.invokeExact_MT(java.lang.Object, java.lang.Object, java.lang.Object, java.lang.Object)'> (0x00000000fe5ea7a0) 
thrown [s\src\hotspot\share\interpreter\linkResolver.cpp, line 759]
Event: 172.440 Thread 0x000002365272dcf0 Exception <a 'java/lang/NoSuchMethodError'{0x00000000fe414450}: 'java.lang.Object java.lang.invoke.DirectMethodHandle$Holder.invokeVirtual(java.lang.Object, java.lang.Object, java.lang.Object)'> (0x00000000fe414450) 
thrown [s\src\hotspot\share\interpreter\linkResolver.cpp, line 759]
Event: 172.604 Thread 0x000002365272dcf0 Exception <a 'java/lang/NoSuchMethodError'{0x00000000fe042160}: 'java.lang.Object java.lang.invoke.DirectMethodHandle$Holder.newInvokeSpecial(java.lang.Object, java.lang.Object, java.lang.Object, java.lang.Object, java.lang.Object)'> (0x00000000fe042160) 
thrown [s\src\hotspot\share\interpreter\linkResolver.cpp, line 759]
Event: 172.669 Thread 0x000002365272dcf0 Exception <a 'java/lang/NoSuchMethodError'{0x00000000fdfa5178}: 'void java.lang.invoke.DirectMethodHandle$Holder.invokeSpecial(java.lang.Object, java.lang.Object, java.lang.Object)'> (0x00000000fdfa5178) 
thrown [s\src\hotspot\share\interpreter\linkResolver.cpp, line 759]
Event: 172.890 Thread 0x000002365272dcf0 Exception <a 'java/lang/NoSuchMethodError'{0x00000000fdde81a8}: 'void java.lang.invoke.DirectMethodHandle$Holder.invokeStatic(java.lang.Object, java.lang.Object, java.lang.Object)'> (0x00000000fdde81a8) 
thrown [s\src\hotspot\share\interpreter\linkResolver.cpp, line 759]
Event: 172.976 Thread 0x000002365272dcf0 Exception <a 'java/lang/NoSuchMethodError'{0x00000000fda718b0}: 'java.lang.Object java.lang.invoke.DirectMethodHandle$Holder.newInvokeSpecial(java.lang.Object, java.lang.Object, java.lang.Object, java.lang.Object, java.lang.Object, java.lang.Object, java.lang.Object, java.lang.Object, java.lang.Object, java.lang.Object, java.lang.Object, java.lang.Object, java.lang.Object, java.lang.Object, java.lang.Object, java.lang.Object, java.lang.Object, java.lang.Object, java.lang.Object, java.lang.Object, java.lang
Event: 172.978 Thread 0x000002365272dcf0 Exception <a 'java/lang/NoSuchMethodError'{0x00000000fda7deb8}: 'java.lang.Object java.lang.invoke.Invokers$Holder.linkToTargetMethod(java.lang.Object, java.lang.Object, java.lang.Object, java.lang.Object, java.lang.Object, java.lang.Object, java.lang.Object, java.lang.Object, java.lang.Object, java.lang.Object, java.lang.Object, java.lang.Object, java.lang.Object, java.lang.Object, java.lang.Object, java.lang.Object, java.lang.Object, java.lang.Object, java.lang.Object, java.lang.Object, java.lang.Object,
Event: 173.337 Thread 0x000002366dab92a0 Exception <a 'java/lang/NoSuchMethodError'{0x00000000ff791490}: 'void java.lang.invoke.DirectMethodHandle$Holder.invokeStatic(java.lang.Object, long)'> (0x00000000ff791490) 
thrown [s\src\hotspot\share\interpreter\linkResolver.cpp, line 759]
Event: 173.338 Thread 0x000002366dab92a0 Exception <a 'java/lang/NoSuchMethodError'{0x00000000ff796e58}: 'java.lang.Object java.lang.invoke.DirectMethodHandle$Holder.newInvokeSpecial(java.lang.Object, long)'> (0x00000000ff796e58) 
thrown [s\src\hotspot\share\interpreter\linkResolver.cpp, line 759]
Event: 173.341 Thread 0x000002366dab92a0 Exception <a 'java/lang/NoSuchMethodError'{0x00000000ff7a1a80}: 'java.lang.Object java.lang.invoke.DirectMethodHandle$Holder.invokeStaticInit(java.lang.Object, java.lang.Object, long, java.lang.Object)'> (0x00000000ff7a1a80) 
thrown [s\src\hotspot\share\interpreter\linkResolver.cpp, line 759]
Event: 173.342 Thread 0x000002366dab92a0 Exception <a 'java/lang/NoSuchMethodError'{0x00000000ff7a8118}: 'java.lang.Object java.lang.invoke.DirectMethodHandle$Holder.newInvokeSpecial(java.lang.Object, java.lang.Object, long)'> (0x00000000ff7a8118) 
thrown [s\src\hotspot\share\interpreter\linkResolver.cpp, line 759]
Event: 173.343 Thread 0x000002366dab92a0 Exception <a 'java/lang/NoSuchMethodError'{0x00000000ff7ac408}: 'java.lang.Object java.lang.invoke.Invokers$Holder.linkToTargetMethod(java.lang.Object, long, java.lang.Object)'> (0x00000000ff7ac408) 
thrown [s\src\hotspot\share\interpreter\linkResolver.cpp, line 759]

VM Operations (20 events):
Event: 1100.498 Executing VM operation: Cleanup
Event: 1100.498 Executing VM operation: Cleanup done
Event: 1107.526 Executing VM operation: Cleanup
Event: 1107.526 Executing VM operation: Cleanup done
Event: 1122.616 Executing VM operation: Cleanup
Event: 1122.616 Executing VM operation: Cleanup done
Event: 1142.136 Executing VM operation: HandshakeAllThreads
Event: 1142.136 Executing VM operation: HandshakeAllThreads done
Event: 1202.362 Executing VM operation: HandshakeAllThreads
Event: 1202.362 Executing VM operation: HandshakeAllThreads done
Event: 1284.863 Executing VM operation: HandshakeAllThreads
Event: 1284.863 Executing VM operation: HandshakeAllThreads done
Event: 1285.865 Executing VM operation: Cleanup
Event: 1285.865 Executing VM operation: Cleanup done
Event: 1290.899 Executing VM operation: Cleanup
Event: 1290.899 Executing VM operation: Cleanup done
Event: 1292.907 Executing VM operation: Cleanup
Event: 1292.907 Executing VM operation: Cleanup done
Event: 1293.914 Executing VM operation: Cleanup
Event: 1293.914 Executing VM operation: Cleanup done

Memory protections (0 events):
No events

Nmethod flushes (0 events):
No events

Events (20 events):
Event: 2.382 Thread 0x000002365272dcf0 Thread added: 0x000002366dab97b0
Event: 2.385 Thread 0x000002366dab97b0 Thread exited: 0x000002366dab97b0
Event: 2.665 Thread 0x00000236723cfdd0 Thread exited: 0x00000236723cfdd0
Event: 3.011 Thread 0x000002366d889540 Thread added: 0x00000236724c9200
Event: 3.054 Thread 0x000002365272dcf0 Thread added: 0x000002366dab8370
Event: 3.060 Thread 0x000002366dab8370 Thread exited: 0x000002366dab8370
Event: 3.884 Thread 0x00000236724c9200 Thread exited: 0x00000236724c9200
Event: 168.162 Thread 0x000002365272dcf0 Thread added: 0x000002366dab6510
Event: 171.328 Thread 0x000002366d889540 Thread added: 0x000002367237f890
Event: 172.513 Thread 0x000002365272dcf0 Thread added: 0x000002366dab7e60
Event: 172.884 Thread 0x000002367237f890 Thread exited: 0x000002367237f890
Event: 173.258 Thread 0x000002366d889540 Thread added: 0x0000023672470140
Event: 173.325 Thread 0x000002365272dcf0 Thread added: 0x000002366dab92a0
Event: 173.347 Thread 0x000002366dab92a0 Thread added: 0x000002366dab97b0
Event: 173.360 Thread 0x000002366dab97b0 Thread exited: 0x000002366dab97b0
Event: 173.366 Thread 0x000002366dab92a0 Thread added: 0x000002366dab97b0
Event: 174.225 Thread 0x0000023672470140 Thread exited: 0x0000023672470140
Event: 177.081 Thread 0x000002366dab97b0 Thread exited: 0x000002366dab97b0
Event: 177.081 Thread 0x000002366dab92a0 Thread exited: 0x000002366dab92a0
Event: 178.193 Thread 0x000002366dab6510 Thread exited: 0x000002366dab6510


Dynamic libraries:
0x00007ff6b6d20000 - 0x00007ff6b6d2e000 	C:\Program Files\Eclipse Adoptium\jdk-17.0.15.6-hotspot\bin\java.exe
0x00007ff9ec2f0000 - 0x00007ff9ec4e8000 	C:\WINDOWS\SYSTEM32\ntdll.dll
0x00007ff9eab70000 - 0x00007ff9eac32000 	C:\WINDOWS\System32\KERNEL32.DLL
0x00007ff9e9b50000 - 0x00007ff9e9e46000 	C:\WINDOWS\System32\KERNELBASE.dll
0x00007ff9e9e80000 - 0x00007ff9e9f80000 	C:\WINDOWS\System32\ucrtbase.dll
0x00007ff9e03c0000 - 0x00007ff9e03de000 	C:\Program Files\Eclipse Adoptium\jdk-17.0.15.6-hotspot\bin\VCRUNTIME140.dll
0x00007ff9e5e10000 - 0x00007ff9e5e27000 	C:\Program Files\Eclipse Adoptium\jdk-17.0.15.6-hotspot\bin\jli.dll
0x00007ff9eb110000 - 0x00007ff9eb2ad000 	C:\WINDOWS\System32\USER32.dll
0x00007ff9d9580000 - 0x00007ff9d981a000 	C:\WINDOWS\WinSxS\amd64_microsoft.windows.common-controls_6595b64144ccf1df_6.0.19041.5915_none_60b4b9d171f9c7c7\COMCTL32.dll
0x00007ff9eb900000 - 0x00007ff9eb99e000 	C:\WINDOWS\System32\msvcrt.dll
0x00007ff9e9e50000 - 0x00007ff9e9e72000 	C:\WINDOWS\System32\win32u.dll
0x00007ff9ec1a0000 - 0x00007ff9ec1cb000 	C:\WINDOWS\System32\GDI32.dll
0x00007ff9ea250000 - 0x00007ff9ea369000 	C:\WINDOWS\System32\gdi32full.dll
0x00007ff9e9fd0000 - 0x00007ff9ea06d000 	C:\WINDOWS\System32\msvcp_win.dll
0x00007ff9ec170000 - 0x00007ff9ec19f000 	C:\WINDOWS\System32\IMM32.DLL
0x00007ff9e5e00000 - 0x00007ff9e5e0c000 	C:\Program Files\Eclipse Adoptium\jdk-17.0.15.6-hotspot\bin\vcruntime140_1.dll
0x00007ff9caf20000 - 0x00007ff9cafad000 	C:\Program Files\Eclipse Adoptium\jdk-17.0.15.6-hotspot\bin\msvcp140.dll
0x00007ff993540000 - 0x00007ff9941ab000 	C:\Program Files\Eclipse Adoptium\jdk-17.0.15.6-hotspot\bin\server\jvm.dll
0x00007ff9ec1f0000 - 0x00007ff9ec2a1000 	C:\WINDOWS\System32\ADVAPI32.dll
0x00007ff9eb2b0000 - 0x00007ff9eb34f000 	C:\WINDOWS\System32\sechost.dll
0x00007ff9eac50000 - 0x00007ff9ead73000 	C:\WINDOWS\System32\RPCRT4.dll
0x00007ff9e9b20000 - 0x00007ff9e9b47000 	C:\WINDOWS\System32\bcrypt.dll
0x00007ff9eb6b0000 - 0x00007ff9eb71b000 	C:\WINDOWS\System32\WS2_32.dll
0x00007ff9e8fb0000 - 0x00007ff9e8ffb000 	C:\WINDOWS\SYSTEM32\POWRPROF.dll
0x00007ff9d9f30000 - 0x00007ff9d9f57000 	C:\WINDOWS\SYSTEM32\WINMM.dll
0x00007ff9d8270000 - 0x00007ff9d827a000 	C:\WINDOWS\SYSTEM32\VERSION.dll
0x00007ff9e8e70000 - 0x00007ff9e8e82000 	C:\WINDOWS\SYSTEM32\UMPDC.dll
0x00007ff9e8290000 - 0x00007ff9e82a2000 	C:\WINDOWS\SYSTEM32\kernel.appcore.dll
0x00007ff9e5dd0000 - 0x00007ff9e5dda000 	C:\Program Files\Eclipse Adoptium\jdk-17.0.15.6-hotspot\bin\jimage.dll
0x00007ff9e7f70000 - 0x00007ff9e8171000 	C:\WINDOWS\SYSTEM32\DBGHELP.DLL
0x00007ff9d2590000 - 0x00007ff9d25c4000 	C:\WINDOWS\SYSTEM32\dbgcore.DLL
0x00007ff9ea370000 - 0x00007ff9ea3f2000 	C:\WINDOWS\System32\bcryptPrimitives.dll
0x00007ff9d1ce0000 - 0x00007ff9d1d05000 	C:\Program Files\Eclipse Adoptium\jdk-17.0.15.6-hotspot\bin\java.dll
0x00007ff9cacc0000 - 0x00007ff9cad97000 	C:\Program Files\Eclipse Adoptium\jdk-17.0.15.6-hotspot\bin\jsvml.dll
0x00007ff9ea400000 - 0x00007ff9eab6e000 	C:\WINDOWS\System32\SHELL32.dll
0x00007ff9e77c0000 - 0x00007ff9e7f64000 	C:\WINDOWS\SYSTEM32\windows.storage.dll
0x00007ff9eb350000 - 0x00007ff9eb6a3000 	C:\WINDOWS\System32\combase.dll
0x00007ff9e94a0000 - 0x00007ff9e94cb000 	C:\WINDOWS\SYSTEM32\Wldp.dll
0x00007ff9eb040000 - 0x00007ff9eb10d000 	C:\WINDOWS\System32\OLEAUT32.dll
0x00007ff9eb850000 - 0x00007ff9eb8fd000 	C:\WINDOWS\System32\SHCORE.dll
0x00007ff9ec0b0000 - 0x00007ff9ec10b000 	C:\WINDOWS\System32\shlwapi.dll
0x00007ff9e99a0000 - 0x00007ff9e99c5000 	C:\WINDOWS\SYSTEM32\profapi.dll
0x00007ff9d1cc0000 - 0x00007ff9d1cd9000 	C:\Program Files\Eclipse Adoptium\jdk-17.0.15.6-hotspot\bin\net.dll
0x00007ff9dee20000 - 0x00007ff9def2a000 	C:\WINDOWS\SYSTEM32\WINHTTP.dll
0x00007ff9e9200000 - 0x00007ff9e926a000 	C:\WINDOWS\system32\mswsock.dll
0x00007ff9d1ca0000 - 0x00007ff9d1cb6000 	C:\Program Files\Eclipse Adoptium\jdk-17.0.15.6-hotspot\bin\nio.dll
0x00007ff9ce4a0000 - 0x00007ff9ce4b8000 	C:\Program Files\Eclipse Adoptium\jdk-17.0.15.6-hotspot\bin\zip.dll
0x00007ff9e0590000 - 0x00007ff9e05a0000 	C:\Program Files\Eclipse Adoptium\jdk-17.0.15.6-hotspot\bin\verify.dll
0x00007ff9e9400000 - 0x00007ff9e9418000 	C:\WINDOWS\SYSTEM32\CRYPTSP.dll
0x00007ff9e8ab0000 - 0x00007ff9e8ae8000 	C:\WINDOWS\system32\rsaenh.dll
0x00007ff9e9920000 - 0x00007ff9e994e000 	C:\WINDOWS\SYSTEM32\USERENV.dll
0x00007ff9e93f0000 - 0x00007ff9e93fc000 	C:\WINDOWS\SYSTEM32\CRYPTBASE.dll
0x00007ff9e8e90000 - 0x00007ff9e8ecb000 	C:\WINDOWS\SYSTEM32\IPHLPAPI.DLL
0x00007ff9eba80000 - 0x00007ff9eba88000 	C:\WINDOWS\System32\NSI.dll
0x00007ff9e0f20000 - 0x00007ff9e0f37000 	C:\WINDOWS\SYSTEM32\dhcpcsvc6.DLL
0x00007ff9e2490000 - 0x00007ff9e24ad000 	C:\WINDOWS\SYSTEM32\dhcpcsvc.DLL
0x00007ff9e8ee0000 - 0x00007ff9e8faa000 	C:\WINDOWS\SYSTEM32\DNSAPI.dll
0x00007ff9e03b0000 - 0x00007ff9e03be000 	C:\Program Files\Eclipse Adoptium\jdk-17.0.15.6-hotspot\bin\sunmscapi.dll
0x00007ff9ea0f0000 - 0x00007ff9ea24d000 	C:\WINDOWS\System32\CRYPT32.dll
0x00007ff9e9510000 - 0x00007ff9e9537000 	C:\WINDOWS\SYSTEM32\ncrypt.dll
0x00007ff9e94d0000 - 0x00007ff9e950b000 	C:\WINDOWS\SYSTEM32\NTASN1.dll
0x00007ff9dd090000 - 0x00007ff9dd09a000 	C:\Windows\System32\rasadhlp.dll
0x00007ff9d9cf0000 - 0x00007ff9d9d70000 	C:\WINDOWS\System32\fwpuclnt.dll
0x00007ff9db360000 - 0x00007ff9db369000 	C:\Program Files\Eclipse Adoptium\jdk-17.0.15.6-hotspot\bin\extnet.dll
0x00007ff9e0410000 - 0x00007ff9e041a000 	C:\Program Files\Eclipse Adoptium\jdk-17.0.15.6-hotspot\bin\management.dll
0x00007ff9e0400000 - 0x00007ff9e040b000 	C:\Program Files\Eclipse Adoptium\jdk-17.0.15.6-hotspot\bin\management_ext.dll
0x00007ff9eac40000 - 0x00007ff9eac48000 	C:\WINDOWS\System32\PSAPI.DLL
0x00007ff9ce470000 - 0x00007ff9ce497000 	C:\Users\dell\.gradle\native\1def1411415f61bf3af743bc5b6707747c0891f09f0c88961ee8f79bc544acac\windows-amd64\native-platform.dll
0x00007ff9e03f0000 - 0x00007ff9e03fa000 	C:\Users\dell\.gradle\native\jansi\1.18\windows64\jansi.dll
0x00007ff9d6410000 - 0x00007ff9d6417000 	C:\WINDOWS\system32\wshunix.dll

dbghelp: loaded successfully - version: 4.0.5 - missing functions: none
symbol engine: initialized successfully - sym options: 0x614 - pdb path: .;C:\Program Files\Eclipse Adoptium\jdk-17.0.15.6-hotspot\bin;C:\WINDOWS\SYSTEM32;C:\WINDOWS\WinSxS\amd64_microsoft.windows.common-controls_6595b64144ccf1df_6.0.19041.5915_none_60b4b9d171f9c7c7;C:\Program Files\Eclipse Adoptium\jdk-17.0.15.6-hotspot\bin\server;C:\Users\dell\.gradle\native\1def1411415f61bf3af743bc5b6707747c0891f09f0c88961ee8f79bc544acac\windows-amd64;C:\Users\dell\.gradle\native\jansi\1.18\windows64

VM Arguments:
jvm_args: -Xmx64m -Xms64m -Dorg.gradle.appname=gradlew 
java_command: org.gradle.wrapper.GradleWrapperMain clean
java_class_path (initial): C:\Users\dell\lifeorganizer\android\\gradle\wrapper\gradle-wrapper.jar
Launcher Type: SUN_STANDARD

[Global flags]
     intx CICompilerCount                          = 3                                         {product} {ergonomic}
     uint ConcGCThreads                            = 1                                         {product} {ergonomic}
     uint G1ConcRefinementThreads                  = 4                                         {product} {ergonomic}
   size_t G1HeapRegionSize                         = 1048576                                   {product} {ergonomic}
    uintx GCDrainStackTargetSize                   = 64                                        {product} {ergonomic}
   size_t InitialHeapSize                          = 67108864                                  {product} {command line}
   size_t MarkStackSize                            = 4194304                                   {product} {ergonomic}
   size_t MaxHeapSize                              = 67108864                                  {product} {command line}
   size_t MaxNewSize                               = 39845888                                  {product} {ergonomic}
   size_t MinHeapDeltaBytes                        = 1048576                                   {product} {ergonomic}
   size_t MinHeapSize                              = 67108864                                  {product} {command line}
    uintx NonNMethodCodeHeapSize                   = 5832780                                {pd product} {ergonomic}
    uintx NonProfiledCodeHeapSize                  = 122912730                              {pd product} {ergonomic}
    uintx ProfiledCodeHeapSize                     = 122912730                              {pd product} {ergonomic}
    uintx ReservedCodeCacheSize                    = 251658240                              {pd product} {ergonomic}
     bool SegmentedCodeCache                       = true                                      {product} {ergonomic}
   size_t SoftMaxHeapSize                          = 67108864                               {manageable} {ergonomic}
     bool UseCompressedClassPointers               = true                           {product lp64_product} {ergonomic}
     bool UseCompressedOops                        = true                           {product lp64_product} {ergonomic}
     bool UseG1GC                                  = true                                      {product} {ergonomic}
     bool UseLargePagesIndividualAllocation        = false                                  {pd product} {ergonomic}

Logging:
Log output configuration:
 #0: stdout all=warning uptime,level,tags
 #1: stderr all=off uptime,level,tags

Environment Variables:
JAVA_HOME=C:\Program Files\Eclipse Adoptium\jdk-17.0.15.6-hotspot\
CLASSPATH=C:\Users\dell\lifeorganizer\android\\gradle\wrapper\gradle-wrapper.jar
PATH=C:\Program Files\Eclipse Adoptium\jdk-17.0.15.6-hotspot\bin;C:\Users\dell\AppData\Local\Android\Sdk;C:\ProgramData\chocolatey\bin\choco.exe\bin;C:\Program Files\;C:\Program Files\Git\cmd;C:\xampp\php;C:\ProgramData\ComposerSetup\bin;C:\Program Files\Eclipse Adoptium\jdk-17.0.15.6-hotspot\\bin;C:\Users\dell\AppData\Local\Microsoft\WindowsApps;C:\Users\dell\AppData\Local\Programs\Microsoft VS Code\bin;C:\Program Files\Azure Data Studio\bin;C:\Users\dell\.dotnet\tools;D:\flutter\bin;C:\Users\dell\AppData\Roaming\Composer\vendor\bin;C:\Users\dell\AppData\Roaming\npm;C:\Users\dell\AppData\Local\Android\Sdk\platform-tools;
USERNAME=dell
OS=Windows_NT
PROCESSOR_IDENTIFIER=Intel64 Family 6 Model 61 Stepping 4, GenuineIntel
TMP=C:\Users\dell\AppData\Local\Temp
TEMP=C:\Users\dell\AppData\Local\Temp



Periodic native trim disabled


---------------  S Y S T E M  ---------------

OS:
 Windows 10 , 64 bit Build 19041 (10.0.19041.5915)
OS uptime: 3 days 19:34 hours

CPU: total 4 (initial active 4) (2 cores per cpu, 2 threads per core) family 6 model 61 stepping 4 microcode 0x2d, cx8, cmov, fxsr, ht, mmx, 3dnowpref, sse, sse2, sse3, ssse3, sse4.1, sse4.2, popcnt, lzcnt, tsc, tscinvbit, avx, avx2, aes, erms, clmul, bmi1, bmi2, rtm, adx, fma, vzeroupper, clflush
Processor Information for all 4 processors :
  Max Mhz: 2295, Current Mhz: 2295, Mhz Limit: 2295

Memory: 4k page, system-wide physical 8082M (900M free)
TotalPageFile size 15131M (AvailPageFile size 2M)
current process WorkingSet (physical memory assigned to process): 28M, peak: 148M
current process commit charge ("private bytes"): 174M, peak: 191M

vm_info: OpenJDK 64-Bit Server VM (17.0.15+6) for windows-amd64 JRE (17.0.15+6), built on Apr 15 2025 21:25:47 by "admin" with MS VC++ 17.7 (VS2022)

END.
